 cd /opt/monitoring-dashboard
hivelocity@montorserver:/opt/monitoring-dashboard$ sudo -u www-data npm install

up to date, audited 443 packages in 1s

42 packages are looking for funding
  run `npm fund` for details

6 vulnerabilities (2 low, 4 moderate)

Some issues need review, and may require choosing
a different dependency.

Run `npm audit` for details.
npm notice
npm notice New major version of npm available! 10.8.2 -> 11.7.0
npm notice Changelog: https://github.com/npm/cli/releases/tag/v11.7.0
npm notice To update run: npm install -g npm@11.7.0
npm notice
hivelocity@montorserver:/opt/monitoring-dashboard$ sudo chown -R $USER:$USER /op                                                                                                                                                                                                                                             t/monitoring-dashboard
hivelocity@montorserver:/opt/monitoring-dashboard$ npm install

up to date, audited 443 packages in 1s

42 packages are looking for funding
  run `npm fund` for details

6 vulnerabilities (2 low, 4 moderate)

To address issues that do not require attention, run:
  npm audit fix

To address all issues (including breaking changes), run:
  npm audit fix --force

Run `npm audit` for details.
hivelocity@montorserver:/opt/monitoring-dashboard$ npm audit fix

changed 3 packages, and audited 443 packages in 2s

42 packages are looking for funding
  run `npm fund` for details

# npm audit report

esbuild  <=0.24.2
Severity: moderate
esbuild enables any website to send any requests to the development server and r                                                                                                                                                                                                                                             ead the response - https://github.com/advisories/GHSA-67mh-4wv8-2f99
fix available via `npm audit fix --force`
Will install drizzle-kit@0.18.1, which is a breaking change
node_modules/@esbuild-kit/core-utils/node_modules/esbuild
  @esbuild-kit/core-utils  *
  Depends on vulnerable versions of esbuild
  node_modules/@esbuild-kit/core-utils
    @esbuild-kit/esm-loader  *
    Depends on vulnerable versions of @esbuild-kit/core-utils
    node_modules/@esbuild-kit/esm-loader
      drizzle-kit  0.17.5-6b7793f - 0.17.5-e5944eb || 0.18.1-065de38 - 0.18.1-f3                                                                                                                                                                                                                                             800bf || 0.19.0-07024c4 - 1.0.0-beta.1-fd8bfcc
      Depends on vulnerable versions of @esbuild-kit/esm-loader
      node_modules/drizzle-kit

4 moderate severity vulnerabilities

To address all issues (including breaking changes), run:
  npm audit fix --force
hivelocity@montorserver:/opt/monitoring-dashboard$ npm run db:push

> rest-express@1.0.0 db:push
> drizzle-kit push

No config path provided, using default 'drizzle.config.ts'
Reading config file '/opt/monitoring-dashboard/drizzle.config.ts'
Using 'pg' driver for database querying
[✓] Pulling schema from database...
[i] No changes detected
hivelocity@montorserver:/opt/monitoring-dashboard$ npm run build

> rest-express@1.0.0 build
> tsx script/build.ts

building client...
vite v7.1.12 building for production...
✓ 2881 modules transformed.
rendering chunks (1)...[meta-images] no Replit deployment domain found, skipping meta tag upd                                                                                                                                                                                                                                ates
../dist/public/index.html                     1.52 kB │ gzip:   0.60 kB
../dist/public/assets/index-gYObgAzT.css     98.26 kB │ gzip:  16.16 kB
../dist/public/assets/index-C7YiEtmx.js   1,025.67 kB │ gzip: 299.29 kB

(!) Some chunks are larger than 500 kB after minification. Consider:
- Using dynamic import() to code-split the application
- Use build.rollupOptions.output.manualChunks to improve chunking: https://rollupjs.org/confi                                                                                                                                                                                                                                guration-options/#output-manualchunks
- Adjust chunk size limit for this warning via build.chunkSizeWarningLimit.
✓ built in 6.71s
building server...

  dist/index.cjs  1.1mb ⚠️

⚡ Done in 79ms
hivelocity@montorserver:/opt/monitoring-dashboard$ sudo chown -R www-data:www-data /opt/monit                                                                                                                                                                                                                                oring-dashboard
hivelocity@montorserver:/opt/monitoring-dashboard$ sudo systemctl restart monitoring-dashboar
Failed to restart monitoring-dashboar.service: Unit monitoring-dashboar.service not found.
hivelocity@montorserver:/opt/monitoring-dashboard$ sudo systemctl restart monitoring-dashboar                                                                                                                                                                                                                                d.service
hivelocity@montorserver:/opt/monitoring-dashboard$ sudo systemctl status monitoring-dashboard                                                                                                                                                                                                                                .service
● monitoring-dashboard.service - Infrastructure Monitoring Dashboard
     Loaded: loaded (/etc/systemd/system/monitoring-dashboard.service; enabled; preset: enab>
     Active: activating (auto-restart) (Result: exit-code) since Fri 2025-12-12 17:57:21 UTC>
    Process: 49401 ExecStart=/usr/bin/node dist/index.js (code=exited, status=1/FAILURE)
   Main PID: 49401 (code=exited, status=1/FAILURE)
        CPU: 30ms
lines 1-6/6 (END)...skipping...
● monitoring-dashboard.service - Infrastructure Monitoring Dashboard
     Loaded: loaded (/etc/systemd/system/monitoring-dashboard.service; enabled; preset: enabled)
     Active: activating (auto-restart) (Result: exit-code) since Fri 2025-12-12 17:57:21 UTC; 4s ago
    Process: 49401 ExecStart=/usr/bin/node dist/index.js (code=exited, status=1/FAILURE)
   Main PID: 49401 (code=exited, status=1/FAILURE)
        CPU: 30ms